// Jest Snapshot v1, https://goo.gl/fbAQLP

exports[`Profile display your profile 1`] = `
<section>
  <section
    className="Profile__ContainerStyled-sc-1vgne1u-0 csLHlM"
  >
    <h2
      className="Profile__UsernameStyled-sc-1vgne1u-1 bwYhat"
    />
    <h3
      className="Profile__CategoriesStyled-sc-1vgne1u-2 bFlpUe"
    />
  </section>
  <ul
    className="Profile__DetailListStyled-sc-1vgne1u-3 bbzroo"
  >
    <li
      className="Profile__DetailItemStyled-sc-1vgne1u-4 gdXsuA"
    >
      <strong>
        Follower:
      </strong>
       
    </li>
    <li
      className="Profile__DetailItemStyled-sc-1vgne1u-4 gdXsuA"
    >
      <strong>
        Gender:
      </strong>
       
    </li>
    <li
      className="Profile__DetailItemStyled-sc-1vgne1u-4 gdXsuA"
      id="age"
    >
      <strong>
        Age:
      </strong>
       
       years
    </li>
    <li
      className="Profile__DetailItemStyled-sc-1vgne1u-4 gdXsuA"
    >
      <strong>
        Location:
      </strong>
       
    </li>
    <li
      className="Profile__DetailItemStyled-sc-1vgne1u-4 gdXsuA"
    >
      <strong>
        Languages:
      </strong>
       
    </li>
  </ul>
</section>
`;
