// Jest Snapshot v1, https://goo.gl/fbAQLP

exports[`CategoryButton renders CategoryButton correctly 1`] = `
<section
  className="CategoryButton__ContainerStyled-sc-13mtfqc-0 fVaACJ"
>
  <section>
    <button
      className="CategoryButton__ButtonStyled-sc-13mtfqc-1 dwCUFk"
      onClick={[Function]}
    >
      <img
        alt="fork and spoon"
        className="CategoryButton__IconsStyled-sc-13mtfqc-2 hEdiHb"
        src="fork.svg"
      />
      <h2
        className="CategoryButton__ButtonTextStyled-sc-13mtfqc-3 iBKuEP"
      >
        Food
      </h2>
    </button>
    <button
      className="CategoryButton__ButtonStyled-sc-13mtfqc-1 cTgMdW"
      onClick={[Function]}
    >
      <img
        alt="dumbbell"
        className="CategoryButton__IconsStyled-sc-13mtfqc-2 hEdiHb"
        src="gym.svg"
      />
      <h2
        className="CategoryButton__ButtonTextStyled-sc-13mtfqc-3 iBKuEP"
      >
        Fitness
      </h2>
    </button>
  </section>
  <section>
    <button
      className="CategoryButton__ButtonStyled-sc-13mtfqc-1 ggLIMZ"
      onClick={[Function]}
    >
      <img
        alt="lipsticks"
        src="beauty.svg"
      />
      <h2
        className="CategoryButton__ButtonTextStyled-sc-13mtfqc-3 iBKuEP"
      >
        Beauty
      </h2>
    </button>
    <button
      className="CategoryButton__ButtonStyled-sc-13mtfqc-1 ivTBog"
      onClick={[Function]}
    >
      <img
        alt="fashion mannequin"
        src="mannequin.svg"
      />
      <h2
        className="CategoryButton__ButtonTextStyled-sc-13mtfqc-3 iBKuEP"
      >
        Fashion
      </h2>
    </button>
  </section>
  <section>
    <button
      className="CategoryButton__ButtonStyled-sc-13mtfqc-1 gLpxBs"
      onClick={[Function]}
    >
      <img
        alt="interior vase"
        src="vase.svg"
      />
      <h2
        className="CategoryButton__ButtonTextStyled-sc-13mtfqc-3 iBKuEP"
      >
        Interior
      </h2>
    </button>
    <button
      className="CategoryButton__ButtonStyled-sc-13mtfqc-1 dwCUFk"
      onClick={[Function]}
    >
      <img
        alt="plane"
        src="plane.svg"
      />
      <h2
        className="CategoryButton__ButtonTextStyled-sc-13mtfqc-3 iBKuEP"
      >
        Travel
      </h2>
    </button>
  </section>
</section>
`;

exports[`CategoryButton renders correctly 1`] = `
<section
  className="CategoryButton__ContainerStyled-sc-13mtfqc-0 fVaACJ"
>
  <section>
    <button
      className="CategoryButton__ButtonStyled-sc-13mtfqc-1 dwCUFk"
      onClick={[Function]}
    >
      <img
        alt="fork and spoon"
        className="CategoryButton__IconsStyled-sc-13mtfqc-2 hEdiHb"
        src="fork.svg"
      />
      <h2
        className="CategoryButton__ButtonTextStyled-sc-13mtfqc-3 iBKuEP"
      >
        Food
      </h2>
    </button>
    <button
      className="CategoryButton__ButtonStyled-sc-13mtfqc-1 cTgMdW"
      onClick={[Function]}
    >
      <img
        alt="dumbbell"
        className="CategoryButton__IconsStyled-sc-13mtfqc-2 hEdiHb"
        src="gym.svg"
      />
      <h2
        className="CategoryButton__ButtonTextStyled-sc-13mtfqc-3 iBKuEP"
      >
        Fitness
      </h2>
    </button>
  </section>
  <section>
    <button
      className="CategoryButton__ButtonStyled-sc-13mtfqc-1 ggLIMZ"
      onClick={[Function]}
    >
      <img
        alt="lipsticks"
        src="beauty.svg"
      />
      <h2
        className="CategoryButton__ButtonTextStyled-sc-13mtfqc-3 iBKuEP"
      >
        Beauty
      </h2>
    </button>
    <button
      className="CategoryButton__ButtonStyled-sc-13mtfqc-1 ivTBog"
      onClick={[Function]}
    >
      <img
        alt="fashion mannequin"
        src="mannequin.svg"
      />
      <h2
        className="CategoryButton__ButtonTextStyled-sc-13mtfqc-3 iBKuEP"
      >
        Fashion
      </h2>
    </button>
  </section>
  <section>
    <button
      className="CategoryButton__ButtonStyled-sc-13mtfqc-1 gLpxBs"
      onClick={[Function]}
    >
      <img
        alt="interior vase"
        src="vase.svg"
      />
      <h2
        className="CategoryButton__ButtonTextStyled-sc-13mtfqc-3 iBKuEP"
      >
        Interior
      </h2>
    </button>
    <button
      className="CategoryButton__ButtonStyled-sc-13mtfqc-1 dwCUFk"
      onClick={[Function]}
    >
      <img
        alt="plane"
        src="plane.svg"
      />
      <h2
        className="CategoryButton__ButtonTextStyled-sc-13mtfqc-3 iBKuEP"
      >
        Travel
      </h2>
    </button>
  </section>
</section>
`;

exports[`CategoryButton renders subtractButton correctly 1`] = `
<section
  className="CategoryButton__ContainerStyled-sc-13mtfqc-0 fVaACJ"
>
  <section>
    <button
      className="CategoryButton__ButtonStyled-sc-13mtfqc-1 dwCUFk"
      onClick={[Function]}
    >
      <img
        alt="fork and spoon"
        className="CategoryButton__IconsStyled-sc-13mtfqc-2 hEdiHb"
        src="fork.svg"
      />
      <h2
        className="CategoryButton__ButtonTextStyled-sc-13mtfqc-3 iBKuEP"
      >
        Food
      </h2>
    </button>
    <button
      className="CategoryButton__ButtonStyled-sc-13mtfqc-1 cTgMdW"
      onClick={[Function]}
    >
      <img
        alt="dumbbell"
        className="CategoryButton__IconsStyled-sc-13mtfqc-2 hEdiHb"
        src="gym.svg"
      />
      <h2
        className="CategoryButton__ButtonTextStyled-sc-13mtfqc-3 iBKuEP"
      >
        Fitness
      </h2>
    </button>
  </section>
  <section>
    <button
      className="CategoryButton__ButtonStyled-sc-13mtfqc-1 ggLIMZ"
      onClick={[Function]}
    >
      <img
        alt="lipsticks"
        src="beauty.svg"
      />
      <h2
        className="CategoryButton__ButtonTextStyled-sc-13mtfqc-3 iBKuEP"
      >
        Beauty
      </h2>
    </button>
    <button
      className="CategoryButton__ButtonStyled-sc-13mtfqc-1 ivTBog"
      onClick={[Function]}
    >
      <img
        alt="fashion mannequin"
        src="mannequin.svg"
      />
      <h2
        className="CategoryButton__ButtonTextStyled-sc-13mtfqc-3 iBKuEP"
      >
        Fashion
      </h2>
    </button>
  </section>
  <section>
    <button
      className="CategoryButton__ButtonStyled-sc-13mtfqc-1 gLpxBs"
      onClick={[Function]}
    >
      <img
        alt="interior vase"
        src="vase.svg"
      />
      <h2
        className="CategoryButton__ButtonTextStyled-sc-13mtfqc-3 iBKuEP"
      >
        Interior
      </h2>
    </button>
    <button
      className="CategoryButton__ButtonStyled-sc-13mtfqc-1 dwCUFk"
      onClick={[Function]}
    >
      <img
        alt="plane"
        src="plane.svg"
      />
      <h2
        className="CategoryButton__ButtonTextStyled-sc-13mtfqc-3 iBKuEP"
      >
        Travel
      </h2>
    </button>
  </section>
</section>
`;
