// Jest Snapshot v1, https://goo.gl/fbAQLP

exports[`renders App correctly 1`] = `
Array [
  <section
    className="CategoryPage__ContainerStyled-inp28z-0 gAaNNM"
  >
    <section
      className="sc-AxjAm cmCotq"
    >
      <h1
        className="sc-AxirZ hykbjA"
      >
        What categories are you looking for?
      </h1>
    </section>
    <section
      className="CategoryButtons__ContainerStyled-fe33yf-0 kSPRRI"
    >
      <section>
        <a
          href="/food"
          onClick={[Function]}
        >
          <button
            className="CategoryButtons__ButtonStyled-fe33yf-1 jdljUJ"
          >
            <img
              alt="fork and spoon"
              className="CategoryButtons__IconsStyled-fe33yf-2 gUDOhC"
              src="fork.svg"
            />
            <h2
              className="CategoryButtons__H2Styled-fe33yf-3 gDPoMv"
            >
              Food
            </h2>
          </button>
        </a>
        <a
          href="/fitness"
          onClick={[Function]}
        >
          <button
            className="CategoryButtons__ButtonStyled-fe33yf-1 fSsSAP"
          >
            <img
              alt="dumbbell"
              className="CategoryButtons__IconsStyled-fe33yf-2 gUDOhC"
              src="gym.svg"
            />
            <h2
              className="CategoryButtons__H2Styled-fe33yf-3 gDPoMv"
            >
              Fitness
            </h2>
          </button>
        </a>
      </section>
      <section>
        <a
          href="/beauty"
          onClick={[Function]}
        >
          <button
            className="CategoryButtons__ButtonStyled-fe33yf-1 eFVMfs"
          >
            <img
              alt="lipsticks"
              src="beauty.svg"
            />
            <h2
              className="CategoryButtons__H2Styled-fe33yf-3 gDPoMv"
            >
              Beauty
            </h2>
          </button>
        </a>
        <a
          href="/fashion"
          onClick={[Function]}
        >
          <button
            className="CategoryButtons__ButtonStyled-fe33yf-1 bklmwB"
          >
            <img
              alt="fashion mannequin"
              src="mannequin.svg"
            />
            <h2
              className="CategoryButtons__H2Styled-fe33yf-3 gDPoMv"
            >
              Fashion
            </h2>
          </button>
        </a>
      </section>
      <section>
        <a
          href="/interior"
          onClick={[Function]}
        >
          <button
            className="CategoryButtons__ButtonStyled-fe33yf-1 bLieCZ"
          >
            <img
              alt="vase"
              src="vase.svg"
            />
            <h2
              className="CategoryButtons__H2Styled-fe33yf-3 gDPoMv"
            >
              Interior
            </h2>
          </button>
        </a>
        <a
          href="/travel"
          onClick={[Function]}
        >
          <button
            className="CategoryButtons__ButtonStyled-fe33yf-1 jdljUJ"
          >
            <img
              alt="plane"
              src="plane.svg"
            />
            <h2
              className="CategoryButtons__H2Styled-fe33yf-3 gDPoMv"
            >
              Travel
            </h2>
          </button>
        </a>
      </section>
    </section>
  </section>,
  <img
    alt="arrow left"
    className="GoBackArrow__GoBackStyled-m93ye8-0 kcjJZM"
    onClick={[Function]}
    src="back.svg"
  />,
  <a
    href="/favourites"
    onClick={[Function]}
  >
    <button
      className="Nav__ButtonStyled-sc-8pthb9-0 jVkSCe"
    >
      <svg
        fill="var(--darkpink)"
        stroke="var(--darkpink)"
      >
        heart.svg
      </svg>
    </button>
  </a>,
]
`;
